---
source: src/config.rs
expression: config_string
---
outdir: /tmp/archive
tools:
  ocrmypdf:
    language: eng
scanners:
  - id: test_scanner
    device_name: test:scanner:device
    source_flatbed: Flatbed
authors:
  - name: Musterfirma
    include_keywords: []
    exclude_keywords: []
    directory: musterfirma
    pdf_keywords: []
    document_types:
      - name: Invoice
        include_keywords: []
        exclude_keywords: []
        pdf_keywords: []
