---
source: src/config.rs
expression: config
---
output_directory: /tmp/foo
tools:
  ocrmypdf:
    language: eng
  pdf_viewer: xdg-open
scanners:
  - name: Brother MFC
    device_name: "brother3:net1;dev0"
    source_adf_single: Automatic Document Feeder(centrally aligned)
    source_flatbed: FlatBed
authors: []
