---
source: src/config.rs
expression: config_string
---
outdir: /tmp/archive
tools:
  ocrmypdf:
    language: eng
scanners:
- id: test_scanner
  device_name: test:scanner:device
  additional_args: []
  source_adf_single: null
  source_adf_duplex: null
  source_flatbed: Flatbed
authors:
- name: Musterfirma
  include_keywords: []
  exclude_keywords: []
  directory: musterfirma
  pdf_keywords: []
  document_types:
  - name: Invoice
    include_keywords: []
    exclude_keywords: []
    directory: ''
    pdf_title_regex: null
    pdf_title_pattern: null
    pdf_date_regex: null
    pdf_keywords: []
